// Jest Snapshot v1, https://goo.gl/fbAQLP

exports[`SortList snapshot 1`] = `
<div
  className="sc-bwzfXH icOaIC"
>
  <div
    className="sc-bdVaJa cHazHO"
  >
    71
  </div>
</div>
`;
